\BOOKMARK [1][-]{section.1}{\376\377\000I\000n\000t\000r\000o\000d\000u\000c\000t\000i\000o\000n}{}% 1
\BOOKMARK [2][-]{subsection.1.1}{\376\377\000M\000o\000t\000i\000v\000a\000t\000i\000o\000n\000\040\000a\000n\000d\000\040\000C\000o\000n\000t\000e\000x\000t}{section.1}% 2
\BOOKMARK [2][-]{subsection.1.2}{\376\377\000A\000u\000t\000o\000m\000a\000t\000e\000d\000\040\000C\000o\000m\000p\000u\000t\000e\000r\000\040\000V\000i\000s\000i\000o\000n\000\040\000f\000o\000r\000\040\000S\000t\000r\000u\000c\000t\000u\000r\000a\000l\000\040\000A\000s\000s\000e\000s\000s\000m\000e\000n\000t}{section.1}% 3
\BOOKMARK [2][-]{subsection.1.3}{\376\377\000P\000r\000o\000j\000e\000c\000t\000\040\000S\000c\000o\000p\000e\000\040\000a\000n\000d\000\040\000C\000o\000n\000t\000r\000i\000b\000u\000t\000i\000o\000n\000s}{section.1}% 4
\BOOKMARK [2][-]{subsection.1.4}{\376\377\000P\000a\000p\000e\000r\000\040\000S\000t\000r\000u\000c\000t\000u\000r\000e}{section.1}% 5
\BOOKMARK [1][-]{section.2}{\376\377\000R\000e\000l\000a\000t\000e\000d\000\040\000W\000o\000r\000k}{}% 6
\BOOKMARK [2][-]{subsection.2.1}{\376\377\000C\000r\000a\000c\000k\000\040\000D\000e\000t\000e\000c\000t\000i\000o\000n\000\040\000a\000n\000d\000\040\000S\000e\000g\000m\000e\000n\000t\000a\000t\000i\000o\000n}{section.2}% 7
\BOOKMARK [2][-]{subsection.2.2}{\376\377\000H\000e\000r\000i\000t\000a\000g\000e\000-\000S\000p\000e\000c\000i\000f\000i\000c\000\040\000M\000e\000t\000h\000o\000d\000s}{section.2}% 8
\BOOKMARK [2][-]{subsection.2.3}{\376\377\000E\000x\000p\000l\000a\000i\000n\000a\000b\000i\000l\000i\000t\000y\000\040\000a\000n\000d\000\040\000F\000a\000i\000l\000u\000r\000e\000\040\000A\000n\000a\000l\000y\000s\000i\000s}{section.2}% 9
\BOOKMARK [2][-]{subsection.2.4}{\376\377\000D\000o\000m\000a\000i\000n\000\040\000A\000d\000a\000p\000t\000a\000t\000i\000o\000n\000\040\000i\000n\000\040\000V\000i\000s\000u\000a\000l\000\040\000I\000n\000s\000p\000e\000c\000t\000i\000o\000n}{section.2}% 10
\BOOKMARK [1][-]{section.3}{\376\377\000D\000a\000t\000a\000s\000e\000t\000s}{}% 11
\BOOKMARK [2][-]{subsection.3.1}{\376\377\000O\000v\000e\000r\000v\000i\000e\000w}{section.3}% 12
\BOOKMARK [2][-]{subsection.3.2}{\376\377\000H\000i\000s\000t\000o\000r\000i\000c\000a\000l\000C\000r\000a\000c\000k\0001\0008\000-\0001\0009\000\040\000\050\000C\000l\000a\000s\000s\000i\000f\000i\000c\000a\000t\000i\000o\000n\000\051}{section.3}% 13
\BOOKMARK [2][-]{subsection.3.3}{\376\377\000D\000a\000i\000s\000\040\000M\000a\000s\000o\000n\000r\000y\000\040\000D\000a\000t\000a\000s\000e\000t\000\040\000\050\000S\000e\000g\000m\000e\000n\000t\000a\000t\000i\000o\000n\000\051}{section.3}% 14
\BOOKMARK [2][-]{subsection.3.4}{\376\377\000C\000r\000a\000c\000k\000F\000o\000r\000e\000s\000t\000\040\000\050\000S\000e\000g\000m\000e\000n\000t\000a\000t\000i\000o\000n\000\051}{section.3}% 15
\BOOKMARK [2][-]{subsection.3.5}{\376\377\000O\000m\000n\000i\000C\000r\000a\000c\000k\0003\0000\000k\000\040\000\050\000D\000e\000t\000e\000c\000t\000i\000o\000n\000\051}{section.3}% 16
\BOOKMARK [2][-]{subsection.3.6}{\376\377\000D\000A\000C\000L\0001\0000\000k\000\040\000v\0002\000\040\000\050\000M\000u\000l\000t\000i\000-\000C\000l\000a\000s\000s\000\040\000D\000e\000t\000e\000c\000t\000i\000o\000n\000\051}{section.3}% 17
\BOOKMARK [2][-]{subsection.3.7}{\376\377\000E\000x\000p\000l\000o\000r\000a\000t\000o\000r\000y\000\040\000D\000a\000t\000a\000\040\000A\000n\000a\000l\000y\000s\000i\000s}{section.3}% 18
\BOOKMARK [1][-]{section.4}{\376\377\000P\000i\000p\000e\000l\000i\000n\000e\000\040\000O\000v\000e\000r\000v\000i\000e\000w}{}% 19
\BOOKMARK [1][-]{section.5}{\376\377\000M\000e\000t\000h\000o\000d\000s}{}% 20
\BOOKMARK [2][-]{subsection.5.1}{\376\377\000T\000a\000s\000k\000\040\0001\000:\000\040\000D\000a\000m\000a\000g\000e\000\040\000C\000l\000a\000s\000s\000i\000f\000i\000c\000a\000t\000i\000o\000n}{section.5}% 21
\BOOKMARK [3][-]{subsubsection.5.1.1}{\376\377\000A\000r\000c\000h\000i\000t\000e\000c\000t\000u\000r\000e\000:\000\040\000E\000f\000f\000i\000c\000i\000e\000n\000t\000N\000e\000t\000-\000B\0004}{subsection.5.1}% 22
\BOOKMARK [3][-]{subsubsection.5.1.2}{\376\377\000T\000r\000a\000i\000n\000i\000n\000g\000\040\000P\000r\000o\000t\000o\000c\000o\000l}{subsection.5.1}% 23
\BOOKMARK [2][-]{subsection.5.2}{\376\377\000T\000a\000s\000k\000\040\0002\000:\000\040\000C\000r\000a\000c\000k\000\040\000D\000e\000t\000e\000c\000t\000i\000o\000n}{section.5}% 24
\BOOKMARK [3][-]{subsubsection.5.2.1}{\376\377\000A\000r\000c\000h\000i\000t\000e\000c\000t\000u\000r\000e\000:\000\040\000Y\000O\000L\000O\000v\0008\000l}{subsection.5.2}% 25
\BOOKMARK [3][-]{subsubsection.5.2.2}{\376\377\000T\000r\000a\000i\000n\000i\000n\000g\000\040\000o\000n\000\040\000O\000m\000n\000i\000C\000r\000a\000c\000k\0003\0000\000k}{subsection.5.2}% 26
\BOOKMARK [3][-]{subsubsection.5.2.3}{\376\377\000B\000a\000s\000e\000l\000i\000n\000e\000\040\000E\000x\000p\000e\000r\000i\000m\000e\000n\000t\000s\000\040\000a\000n\000d\000\040\000A\000r\000c\000h\000i\000t\000e\000c\000t\000u\000r\000e\000\040\000S\000e\000l\000e\000c\000t\000i\000o\000n}{subsection.5.2}% 27
\BOOKMARK [3][-]{subsubsection.5.2.4}{\376\377\000H\000e\000r\000i\000t\000a\000g\000e\000\040\000D\000o\000m\000a\000i\000n\000\040\000A\000d\000a\000p\000t\000a\000t\000i\000o\000n\000\040\000\050\000T\000a\000s\000k\000\040\0005\000\051}{subsection.5.2}% 28
\BOOKMARK [2][-]{subsection.5.3}{\376\377\000T\000a\000s\000k\000\040\0003\000:\000\040\000S\000e\000m\000a\000n\000t\000i\000c\000\040\000S\000e\000g\000m\000e\000n\000t\000a\000t\000i\000o\000n}{section.5}% 29
\BOOKMARK [3][-]{subsubsection.5.3.1}{\376\377\000A\000r\000c\000h\000i\000t\000e\000c\000t\000u\000r\000e\000:\000\040\000M\000A\000n\000e\000t\000\040\000w\000i\000t\000h\000\040\000M\000i\000T\000-\000B\0002\000\040\000E\000n\000c\000o\000d\000e\000r}{subsection.5.3}% 30
\BOOKMARK [3][-]{subsubsection.5.3.2}{\376\377\000L\000o\000s\000s\000\040\000F\000u\000n\000c\000t\000i\000o\000n\000\040\000D\000e\000s\000i\000g\000n}{subsection.5.3}% 31
\BOOKMARK [3][-]{subsubsection.5.3.3}{\376\377\000T\000r\000a\000i\000n\000i\000n\000g\000\040\000P\000r\000o\000t\000o\000c\000o\000l}{subsection.5.3}% 32
\BOOKMARK [3][-]{subsubsection.5.3.4}{\376\377\000E\000v\000a\000l\000u\000a\000t\000i\000o\000n\000\040\000M\000e\000t\000r\000i\000c\000s}{subsection.5.3}% 33
\BOOKMARK [3][-]{subsubsection.5.3.5}{\376\377\000D\000a\000t\000a\000s\000e\000t\000\040\000C\000o\000n\000f\000i\000g\000u\000r\000a\000t\000i\000o\000n\000\040\000A\000b\000l\000a\000t\000i\000o\000n\000\040\000a\000n\000d\000\040\000T\000h\000r\000e\000s\000h\000o\000l\000d\000\040\000C\000a\000l\000i\000b\000r\000a\000t\000i\000o\000n\000\040\000H\000i\000s\000t\000o\000r\000y}{subsection.5.3}% 34
\BOOKMARK [1][-]{section.6}{\376\377\000E\000x\000p\000e\000r\000i\000m\000e\000n\000t\000s\000\040\000a\000n\000d\000\040\000R\000e\000s\000u\000l\000t\000s}{}% 35
\BOOKMARK [2][-]{subsection.6.1}{\376\377\000T\000a\000s\000k\000\040\0001\000:\000\040\000C\000l\000a\000s\000s\000i\000f\000i\000c\000a\000t\000i\000o\000n\000\040\000R\000e\000s\000u\000l\000t\000s}{section.6}% 36
\BOOKMARK [2][-]{subsection.6.2}{\376\377\000T\000a\000s\000k\000\040\0002\000:\000\040\000D\000e\000t\000e\000c\000t\000i\000o\000n\000\040\000R\000e\000s\000u\000l\000t\000s}{section.6}% 37
\BOOKMARK [2][-]{subsection.6.3}{\376\377\000T\000a\000s\000k\000\040\0003\000:\000\040\000S\000e\000g\000m\000e\000n\000t\000a\000t\000i\000o\000n\000\040\000R\000e\000s\000u\000l\000t\000s}{section.6}% 38
\BOOKMARK [2][-]{subsection.6.4}{\376\377\000C\000r\000o\000s\000s\000-\000D\000a\000t\000a\000s\000e\000t\000\040\000E\000v\000a\000l\000u\000a\000t\000i\000o\000n}{section.6}% 39
\BOOKMARK [1][-]{section.7}{\376\377\000D\000o\000m\000a\000i\000n\000\040\000A\000d\000a\000p\000t\000a\000t\000i\000o\000n}{}% 40
\BOOKMARK [2][-]{subsection.7.1}{\376\377\000D\000e\000t\000e\000c\000t\000o\000r\000\040\000F\000i\000n\000e\000-\000t\000u\000n\000i\000n\000g\000\040\000o\000n\000\040\000H\000e\000r\000i\000t\000a\000g\000e\000\040\000D\000a\000t\000a\000\040\000\050\000T\000a\000s\000k\000\040\0005\000\051}{section.7}% 41
\BOOKMARK [3][-]{subsubsection.7.1.1}{\376\377\000M\000o\000t\000i\000v\000a\000t\000i\000o\000n\000\040\000a\000n\000d\000\040\000S\000e\000t\000u\000p}{subsection.7.1}% 42
\BOOKMARK [3][-]{subsubsection.7.1.2}{\376\377\000B\000a\000c\000k\000b\000o\000n\000e\000\040\000F\000r\000e\000e\000z\000i\000n\000g\000\040\000S\000t\000r\000a\000t\000e\000g\000y}{subsection.7.1}% 43
\BOOKMARK [3][-]{subsubsection.7.1.3}{\376\377\000R\000e\000s\000u\000l\000t\000s}{subsection.7.1}% 44
\BOOKMARK [3][-]{subsubsection.7.1.4}{\376\377\000L\000i\000m\000i\000t\000a\000t\000i\000o\000n\000s}{subsection.7.1}% 45
\BOOKMARK [2][-]{subsection.7.2}{\376\377\000C\000l\000a\000s\000s\000i\000f\000i\000e\000r\000\040\000D\000o\000m\000a\000i\000n\000\040\000A\000d\000a\000p\000t\000a\000t\000i\000o\000n\000\040\000\050\000T\000a\000s\000k\000\040\0001\000b\000\051}{section.7}% 46
\BOOKMARK [3][-]{subsubsection.7.2.1}{\376\377\000M\000o\000t\000i\000v\000a\000t\000i\000o\000n}{subsection.7.2}% 47
\BOOKMARK [3][-]{subsubsection.7.2.2}{\376\377\000F\000i\000n\000e\000-\000t\000u\000n\000i\000n\000g\000\040\000P\000r\000o\000t\000o\000c\000o\000l}{subsection.7.2}% 48
\BOOKMARK [3][-]{subsubsection.7.2.3}{\376\377\000R\000e\000s\000u\000l\000t\000s}{subsection.7.2}% 49
\BOOKMARK [1][-]{section.8}{\376\377\000F\000a\000i\000l\000u\000r\000e\000\040\000A\000n\000a\000l\000y\000s\000i\000s}{}% 50
\BOOKMARK [2][-]{subsection.8.1}{\376\377\000C\000l\000a\000s\000s\000i\000f\000i\000e\000r\000\040\000F\000a\000i\000l\000u\000r\000e\000\040\000M\000o\000d\000e\000\040\000A\000n\000a\000l\000y\000s\000i\000s}{section.8}% 51
\BOOKMARK [2][-]{subsection.8.2}{\376\377\000C\000l\000a\000s\000s\000i\000f\000i\000e\000r\000\040\000O\000O\000D\000\040\000G\000e\000n\000e\000r\000a\000l\000i\000s\000a\000t\000i\000o\000n}{section.8}% 52
\BOOKMARK [2][-]{subsection.8.3}{\376\377\000D\000e\000t\000e\000c\000t\000i\000o\000n\000\040\000F\000a\000i\000l\000u\000r\000e\000\040\000M\000o\000d\000e\000\040\000A\000n\000a\000l\000y\000s\000i\000s}{section.8}% 53
\BOOKMARK [2][-]{subsection.8.4}{\376\377\000S\000e\000g\000m\000e\000n\000t\000a\000t\000i\000o\000n\000\040\000F\000a\000i\000l\000u\000r\000e\000\040\000M\000o\000d\000e\000\040\000A\000n\000a\000l\000y\000s\000i\000s}{section.8}% 54
\BOOKMARK [2][-]{subsection.8.5}{\376\377\000C\000r\000o\000s\000s\000-\000T\000a\000s\000k\000\040\000C\000o\000n\000s\000i\000s\000t\000e\000n\000c\000y\000\040\000A\000n\000a\000l\000y\000s\000i\000s}{section.8}% 55
\BOOKMARK [1][-]{section.9}{\376\377\000A\000d\000d\000i\000t\000i\000o\000n\000a\000l\000\040\000E\000x\000p\000e\000r\000i\000m\000e\000n\000t\000s}{}% 56
\BOOKMARK [2][-]{subsection.9.1}{\376\377\000S\000A\000H\000I\000\040\000S\000l\000i\000c\000e\000d\000\040\000I\000n\000f\000e\000r\000e\000n\000c\000e\000\040\000E\000v\000a\000l\000u\000a\000t\000i\000o\000n\000\040\000\050\000T\000a\000s\000k\000\040\0007\000\051}{section.9}% 57
\BOOKMARK [3][-]{subsubsection.9.1.1}{\376\377\000H\000y\000p\000o\000t\000h\000e\000s\000i\000s\000\040\000a\000n\000d\000\040\000S\000e\000t\000u\000p}{subsection.9.1}% 58
\BOOKMARK [3][-]{subsubsection.9.1.2}{\376\377\000R\000e\000s\000u\000l\000t\000s\000\040\000a\000n\000d\000\040\000A\000n\000a\000l\000y\000s\000i\000s}{subsection.9.1}% 59
\BOOKMARK [2][-]{subsection.9.2}{\376\377\000M\000u\000l\000t\000i\000-\000C\000l\000a\000s\000s\000\040\000D\000a\000m\000a\000g\000e\000\040\000D\000e\000t\000e\000c\000t\000i\000o\000n\000\040\000o\000n\000\040\000D\000A\000C\000L\0001\0000\000k\000\040\000\050\000T\000a\000s\000k\000\040\0001\0000\000\051}{section.9}% 60
\BOOKMARK [3][-]{subsubsection.9.2.1}{\376\377\000M\000o\000t\000i\000v\000a\000t\000i\000o\000n}{subsection.9.2}% 61
\BOOKMARK [3][-]{subsubsection.9.2.2}{\376\377\000D\000a\000t\000a\000s\000e\000t\000\040\000a\000n\000d\000\040\000S\000e\000t\000u\000p}{subsection.9.2}% 62
\BOOKMARK [3][-]{subsubsection.9.2.3}{\376\377\000R\000e\000s\000u\000l\000t\000s}{subsection.9.2}% 63
\BOOKMARK [2][-]{subsection.9.3}{\376\377\000S\000y\000n\000t\000h\000e\000t\000i\000c\000\040\000T\000e\000m\000p\000o\000r\000a\000l\000\040\000D\000e\000g\000r\000a\000d\000a\000t\000i\000o\000n\000\040\000A\000n\000a\000l\000y\000s\000i\000s\000\040\000\050\000T\000a\000s\000k\000\040\0009\000\051}{section.9}% 64
\BOOKMARK [3][-]{subsubsection.9.3.1}{\376\377\000M\000o\000t\000i\000v\000a\000t\000i\000o\000n}{subsection.9.3}% 65
\BOOKMARK [3][-]{subsubsection.9.3.2}{\376\377\000D\000e\000g\000r\000a\000d\000a\000t\000i\000o\000n\000\040\000S\000i\000m\000u\000l\000a\000t\000i\000o\000n}{subsection.9.3}% 66
\BOOKMARK [3][-]{subsubsection.9.3.3}{\376\377\000F\000i\000l\000t\000e\000r\000\040\000B\000a\000n\000k\000\040\000R\000e\000s\000u\000l\000t\000s}{subsection.9.3}% 67
\BOOKMARK [3][-]{subsubsection.9.3.4}{\376\377\000C\000o\000m\000p\000o\000s\000i\000t\000e\000\040\000D\000e\000g\000r\000a\000d\000a\000t\000i\000o\000n\000\040\000S\000c\000o\000r\000e\000\040\000a\000n\000d\000\040\000D\000L\000\040\000V\000a\000l\000i\000d\000a\000t\000i\000o\000n}{subsection.9.3}% 68
\BOOKMARK [1][-]{section.10}{\376\377\000W\000e\000b\000\040\000A\000p\000p\000l\000i\000c\000a\000t\000i\000o\000n}{}% 69
\BOOKMARK [2][-]{subsection.10.1}{\376\377\000A\000r\000c\000h\000i\000t\000e\000c\000t\000u\000r\000e\000\040\000a\000n\000d\000\040\000C\000o\000n\000c\000u\000r\000r\000e\000n\000c\000y}{section.10}% 70
\BOOKMARK [2][-]{subsection.10.2}{\376\377\000S\000i\000n\000g\000l\000e\000-\000I\000m\000a\000g\000e\000\040\000A\000n\000a\000l\000y\000s\000i\000s\000\040\000M\000o\000d\000e}{section.10}% 71
\BOOKMARK [2][-]{subsection.10.3}{\376\377\000I\000m\000a\000g\000e\000\040\000P\000r\000e\000p\000r\000o\000c\000e\000s\000s\000i\000n\000g\000\040\000F\000i\000l\000t\000e\000r\000s}{section.10}% 72
\BOOKMARK [2][-]{subsection.10.4}{\376\377\000B\000e\000f\000o\000r\000e\000-\000A\000f\000t\000e\000r\000\040\000C\000o\000m\000p\000a\000r\000i\000s\000o\000n\000\040\000M\000o\000d\000e}{section.10}% 73
\BOOKMARK [1][-]{section.11}{\376\377\000D\000i\000s\000c\000u\000s\000s\000i\000o\000n}{}% 74
\BOOKMARK [2][-]{subsection.11.1}{\376\377\000C\000r\000o\000s\000s\000-\000D\000o\000m\000a\000i\000n\000\040\000G\000e\000n\000e\000r\000a\000l\000i\000s\000a\000t\000i\000o\000n\000\040\000i\000s\000\040\000A\000s\000y\000m\000m\000e\000t\000r\000i\000c\000\040\000b\000y\000\040\000M\000o\000d\000e\000l\000\040\000T\000y\000p\000e}{section.11}% 75
\BOOKMARK [2][-]{subsection.11.2}{\376\377\000D\000o\000m\000a\000i\000n\000\040\000A\000d\000a\000p\000t\000a\000t\000i\000o\000n\000\040\000w\000i\000t\000h\000\040\000S\000m\000a\000l\000l\000\040\000D\000a\000t\000a\000\040\000i\000s\000\040\000V\000i\000a\000b\000l\000e\000\040\000b\000u\000t\000\040\000L\000i\000m\000i\000t\000e\000d}{section.11}% 76
\BOOKMARK [2][-]{subsection.11.3}{\376\377\000T\000h\000e\000\040\000C\000h\000a\000i\000n\000e\000d\000\040\000P\000i\000p\000e\000l\000i\000n\000e\000\040\000A\000r\000c\000h\000i\000t\000e\000c\000t\000u\000r\000e\000\040\000C\000o\000m\000p\000e\000n\000s\000a\000t\000e\000s\000\040\000f\000o\000r\000\040\000D\000e\000t\000e\000c\000t\000o\000r\000\040\000W\000e\000a\000k\000n\000e\000s\000s\000e\000s}{section.11}% 77
\BOOKMARK [2][-]{subsection.11.4}{\376\377\000S\000y\000n\000t\000h\000e\000t\000i\000c\000\040\000D\000e\000g\000r\000a\000d\000a\000t\000i\000o\000n\000\040\000V\000a\000l\000i\000d\000a\000t\000e\000s\000\040\000C\000l\000a\000s\000s\000i\000f\000i\000e\000r\000\040\000G\000e\000n\000e\000r\000a\000l\000i\000s\000a\000t\000i\000o\000n}{section.11}% 78
\BOOKMARK [2][-]{subsection.11.5}{\376\377\000S\000i\000g\000m\000o\000i\000d\000\040\000C\000a\000l\000i\000b\000r\000a\000t\000i\000o\000n\000\040\000a\000n\000d\000\040\000T\000h\000r\000e\000s\000h\000o\000l\000d\000\040\000D\000i\000s\000c\000o\000v\000e\000r\000y\000\040\000i\000n\000\040\000D\000e\000p\000l\000o\000y\000m\000e\000n\000t}{section.11}% 79
\BOOKMARK [2][-]{subsection.11.6}{\376\377\000L\000i\000m\000i\000t\000a\000t\000i\000o\000n\000s}{section.11}% 80
\BOOKMARK [1][-]{section.12}{\376\377\000C\000o\000n\000c\000l\000u\000s\000i\000o\000n\000s}{}% 81
\BOOKMARK [1][-]{appendix.A}{\376\377\000T\000r\000a\000i\000n\000i\000n\000g\000\040\000H\000y\000p\000e\000r\000p\000a\000r\000a\000m\000e\000t\000e\000r\000\040\000S\000u\000m\000m\000a\000r\000y}{}% 82
\BOOKMARK [1][-]{appendix.B}{\376\377\000S\000o\000f\000t\000w\000a\000r\000e\000\040\000E\000n\000v\000i\000r\000o\000n\000m\000e\000n\000t}{}% 83
\BOOKMARK [0][-]{section*.42}{\376\377\000A\000r\000t\000i\000c\000l\000e\000\040\000R\000e\000a\000d\000i\000n\000g\000\040\000S\000u\000r\000v\000e\000y}{}% 84
\BOOKMARK [1][-]{appendix.C}{\376\377\000I\000n\000t\000r\000o\000d\000u\000c\000t\000i\000o\000n}{section*.42}% 85
\BOOKMARK [1][-]{appendix.D}{\376\377\000F\000o\000u\000n\000d\000a\000t\000i\000o\000n\000a\000l\000\040\000C\000o\000n\000v\000o\000l\000u\000t\000i\000o\000n\000a\000l\000\040\000A\000r\000c\000h\000i\000t\000e\000c\000t\000u\000r\000e\000s}{section*.42}% 86
\BOOKMARK [2][-]{subsection.D.1}{\376\377\000D\000e\000e\000p\000\040\000R\000e\000s\000i\000d\000u\000a\000l\000\040\000L\000e\000a\000r\000n\000i\000n\000g\000:\000\040\000R\000e\000s\000N\000e\000t}{appendix.D}% 87
\BOOKMARK [2][-]{subsection.D.2}{\376\377\000E\000f\000f\000i\000c\000i\000e\000n\000t\000N\000e\000t\000:\000\040\000C\000o\000m\000p\000o\000u\000n\000d\000\040\000M\000o\000d\000e\000l\000\040\000S\000c\000a\000l\000i\000n\000g}{appendix.D}% 88
\BOOKMARK [1][-]{appendix.E}{\376\377\000S\000e\000m\000a\000n\000t\000i\000c\000\040\000S\000e\000g\000m\000e\000n\000t\000a\000t\000i\000o\000n}{section*.42}% 89
\BOOKMARK [2][-]{subsection.E.1}{\376\377\000F\000u\000l\000l\000y\000\040\000C\000o\000n\000v\000o\000l\000u\000t\000i\000o\000n\000a\000l\000\040\000N\000e\000t\000w\000o\000r\000k\000s}{appendix.E}% 90
\BOOKMARK [2][-]{subsection.E.2}{\376\377\000U\000-\000N\000e\000t\000:\000\040\000S\000y\000m\000m\000e\000t\000r\000i\000c\000\040\000E\000n\000c\000o\000d\000e\000r\000-\000D\000e\000c\000o\000d\000e\000r\000\040\000f\000o\000r\000\040\000D\000e\000n\000s\000e\000\040\000P\000r\000e\000d\000i\000c\000t\000i\000o\000n}{appendix.E}% 91
\BOOKMARK [2][-]{subsection.E.3}{\376\377\000D\000e\000e\000p\000L\000a\000b\000V\0003\000+\000:\000\040\000A\000t\000r\000o\000u\000s\000\040\000C\000o\000n\000v\000o\000l\000u\000t\000i\000o\000n\000s\000\040\000a\000n\000d\000\040\000C\000o\000n\000t\000e\000x\000t\000u\000a\000l\000\040\000A\000g\000g\000r\000e\000g\000a\000t\000i\000o\000n}{appendix.E}% 92
\BOOKMARK [1][-]{appendix.F}{\376\377\000O\000b\000j\000e\000c\000t\000\040\000D\000e\000t\000e\000c\000t\000i\000o\000n}{section*.42}% 93
\BOOKMARK [2][-]{subsection.F.1}{\376\377\000F\000a\000s\000t\000e\000r\000\040\000R\000-\000C\000N\000N\000:\000\040\000R\000e\000g\000i\000o\000n\000-\000B\000a\000s\000e\000d\000\040\000D\000e\000t\000e\000c\000t\000i\000o\000n}{appendix.F}% 94
\BOOKMARK [2][-]{subsection.F.2}{\376\377\000F\000e\000a\000t\000u\000r\000e\000\040\000P\000y\000r\000a\000m\000i\000d\000\040\000N\000e\000t\000w\000o\000r\000k\000s}{appendix.F}% 95
\BOOKMARK [2][-]{subsection.F.3}{\376\377\000Y\000O\000L\000O\000:\000\040\000R\000e\000a\000l\000-\000T\000i\000m\000e\000\040\000S\000i\000n\000g\000l\000e\000-\000S\000t\000a\000g\000e\000\040\000D\000e\000t\000e\000c\000t\000i\000o\000n}{appendix.F}% 96
\BOOKMARK [1][-]{appendix.G}{\376\377\000C\000r\000a\000c\000k\000\040\000D\000e\000t\000e\000c\000t\000i\000o\000n\000\040\000a\000n\000d\000\040\000S\000t\000r\000u\000c\000t\000u\000r\000a\000l\000\040\000D\000a\000m\000a\000g\000e\000\040\000D\000a\000t\000a\000s\000e\000t\000s}{section*.42}% 97
\BOOKMARK [2][-]{subsection.G.1}{\376\377\000F\000r\000o\000m\000\040\000C\000l\000a\000s\000s\000i\000c\000a\000l\000\040\000t\000o\000\040\000D\000e\000e\000p\000\040\000C\000r\000a\000c\000k\000\040\000D\000e\000t\000e\000c\000t\000i\000o\000n}{appendix.G}% 98
\BOOKMARK [2][-]{subsection.G.2}{\376\377\000D\000e\000e\000p\000C\000r\000a\000c\000k\000:\000\040\000H\000i\000e\000r\000a\000r\000c\000h\000i\000c\000a\000l\000\040\000F\000e\000a\000t\000u\000r\000e\000\040\000L\000e\000a\000r\000n\000i\000n\000g\000\040\000f\000o\000r\000\040\000C\000r\000a\000c\000k\000\040\000S\000e\000g\000m\000e\000n\000t\000a\000t\000i\000o\000n}{appendix.G}% 99
\BOOKMARK [2][-]{subsection.G.3}{\376\377\000O\000m\000n\000i\000C\000r\000a\000c\000k\0003\0000\000k\000:\000\040\000L\000a\000r\000g\000e\000-\000S\000c\000a\000l\000e\000\040\000C\000r\000a\000c\000k\000\040\000S\000e\000g\000m\000e\000n\000t\000a\000t\000i\000o\000n}{appendix.G}% 100
\BOOKMARK [2][-]{subsection.G.4}{\376\377\000M\000a\000s\000o\000n\000r\000y\000\040\000C\000r\000a\000c\000k\000\040\000D\000e\000t\000e\000c\000t\000i\000o\000n\000\040\000a\000n\000d\000\040\000t\000h\000e\000\040\000D\000a\000i\000s\000\040\000D\000a\000t\000a\000s\000e\000t}{appendix.G}% 101
\BOOKMARK [1][-]{appendix.H}{\376\377\000H\000e\000r\000i\000t\000a\000g\000e\000\040\000B\000u\000i\000l\000d\000i\000n\000g\000\040\000D\000a\000m\000a\000g\000e\000\040\000A\000s\000s\000e\000s\000s\000m\000e\000n\000t}{section*.42}% 102
\BOOKMARK [2][-]{subsection.H.1}{\376\377\000C\000o\000m\000p\000u\000t\000e\000r\000\040\000V\000i\000s\000i\000o\000n\000\040\000f\000o\000r\000\040\000C\000u\000l\000t\000u\000r\000a\000l\000\040\000H\000e\000r\000i\000t\000a\000g\000e\000:\000\040\000A\000\040\000S\000u\000r\000v\000e\000y}{appendix.H}% 103
\BOOKMARK [2][-]{subsection.H.2}{\376\377\000T\000h\000e\000\040\000D\000A\000C\000L\0001\0000\000k\000\040\000D\000a\000t\000a\000s\000e\000t}{appendix.H}% 104
\BOOKMARK [1][-]{appendix.I}{\376\377\000T\000r\000a\000n\000s\000f\000e\000r\000\040\000L\000e\000a\000r\000n\000i\000n\000g\000\040\000a\000n\000d\000\040\000D\000o\000m\000a\000i\000n\000\040\000A\000d\000a\000p\000t\000a\000t\000i\000o\000n}{section*.42}% 105
\BOOKMARK [2][-]{subsection.I.1}{\376\377\000T\000r\000a\000n\000s\000f\000e\000r\000\040\000L\000e\000a\000r\000n\000i\000n\000g\000\040\000f\000o\000r\000\040\000C\000o\000m\000p\000u\000t\000e\000r\000\040\000V\000i\000s\000i\000o\000n}{appendix.I}% 106
\BOOKMARK [1][-]{appendix.J}{\376\377\000V\000i\000s\000u\000a\000l\000\040\000E\000x\000p\000l\000a\000i\000n\000a\000b\000i\000l\000i\000t\000y}{section*.42}% 107
\BOOKMARK [2][-]{subsection.J.1}{\376\377\000G\000r\000a\000d\000-\000C\000A\000M\000:\000\040\000G\000r\000a\000d\000i\000e\000n\000t\000-\000w\000e\000i\000g\000h\000t\000e\000d\000\040\000C\000l\000a\000s\000s\000\040\000A\000c\000t\000i\000v\000a\000t\000i\000o\000n\000\040\000M\000a\000p\000p\000i\000n\000g}{appendix.J}% 108
\BOOKMARK [2][-]{subsection.J.2}{\376\377\000G\000r\000a\000d\000-\000C\000A\000M\000+\000+\000:\000\040\000S\000h\000a\000r\000p\000e\000r\000\040\000a\000n\000d\000\040\000M\000o\000r\000e\000\040\000L\000o\000c\000a\000l\000i\000s\000e\000d\000\040\000E\000x\000p\000l\000a\000n\000a\000t\000i\000o\000n\000s}{appendix.J}% 109
\BOOKMARK [1][-]{appendix.K}{\376\377\000I\000m\000a\000g\000e\000\040\000Q\000u\000a\000l\000i\000t\000y\000,\000\040\000S\000t\000r\000u\000c\000t\000u\000r\000a\000l\000\040\000S\000i\000m\000i\000l\000a\000r\000i\000t\000y\000,\000\040\000a\000n\000d\000\040\000I\000n\000f\000e\000r\000e\000n\000c\000e\000\040\000E\000f\000f\000i\000c\000i\000e\000n\000c\000y}{section*.42}% 110
\BOOKMARK [2][-]{subsection.K.1}{\376\377\000S\000t\000r\000u\000c\000t\000u\000r\000a\000l\000\040\000S\000i\000m\000i\000l\000a\000r\000i\000t\000y\000\040\000I\000n\000d\000e\000x\000\040\000\050\000S\000S\000I\000M\000\051}{appendix.K}% 111
\BOOKMARK [2][-]{subsection.K.2}{\376\377\000S\000A\000H\000I\000:\000\040\000S\000l\000i\000c\000i\000n\000g\000\040\000A\000i\000d\000e\000d\000\040\000H\000y\000p\000e\000r\000\040\000I\000n\000f\000e\000r\000e\000n\000c\000e}{appendix.K}% 112
\BOOKMARK [1][-]{appendix.L}{\376\377\000S\000y\000n\000t\000h\000e\000s\000i\000s\000\040\000a\000n\000d\000\040\000I\000m\000p\000l\000i\000c\000a\000t\000i\000o\000n\000s\000\040\000f\000o\000r\000\040\000H\000e\000r\000i\000t\000a\000g\000e\000\040\000A\000s\000s\000e\000s\000s\000m\000e\000n\000t}{section*.42}% 113
\BOOKMARK [1][-]{appendix.M}{\376\377\000A\000r\000t\000i\000c\000l\000e\000\040\000L\000i\000s\000t}{section*.42}% 114
